2025-12-04 09:36:50.146 [main] INFO  com.hotel.client.HotelClientApplication - INFO сообщение - должно отображаться в DEV/INFO
2025-12-04 09:36:50.148 [main] WARN  com.hotel.client.HotelClientApplication - WARN сообщение - должно отображаться всегда
2025-12-04 09:36:50.149 [main] ERROR com.hotel.client.HotelClientApplication - ERROR сообщение - должно отображаться всегда
2025-12-04 09:36:50.262 [AWT-EventQueue-0] INFO  com.hotel.client.service.RoomService - ✅ Успешно загружено 40 номеров
2025-12-04 09:36:50.305 [AWT-EventQueue-0] INFO  com.hotel.client.service.ClientService - 🔄 Получаем список всех клиентов
2025-12-04 09:36:50.401 [AWT-EventQueue-0] INFO  com.hotel.client.service.ClientService - ✅ Успешно загружено 4 клиентов
2025-12-04 09:36:50.402 [AWT-EventQueue-0] INFO  com.hotel.client.service.RoomService - 🔄 Получаем список всех номеров
2025-12-04 09:36:50.498 [AWT-EventQueue-0] INFO  com.hotel.client.service.RoomService - ✅ Успешно загружено 40 номеров
2025-12-04 09:36:50.525 [AWT-EventQueue-0] INFO  com.hotel.client.view.dashboard_components.DashboardWidgetsManager - Все виджеты инициализированы
2025-12-04 09:36:50.612 [AWT-EventQueue-0] INFO  com.hotel.client.view.dashboard_components.DashboardWidgetsManager - 🔄 Начало обновления всех виджетов...
2025-12-04 09:36:50.613 [AWT-EventQueue-0] INFO  com.hotel.client.service.ClientService - 🔄 Получаем список всех клиентов
2025-12-04 09:36:50.696 [AWT-EventQueue-0] INFO  com.hotel.client.service.ClientService - ✅ Успешно загружено 4 клиентов
2025-12-04 09:36:50.696 [AWT-EventQueue-0] INFO  com.hotel.client.service.RoomService - 🔄 Получаем список всех номеров
2025-12-04 09:36:50.777 [AWT-EventQueue-0] INFO  com.hotel.client.service.RoomService - ✅ Успешно загружено 40 номеров
2025-12-04 09:36:50.785 [AWT-EventQueue-0] INFO  com.hotel.client.service.RoomService - 🔄 Получаем список всех номеров
2025-12-04 09:36:50.867 [AWT-EventQueue-0] INFO  com.hotel.client.service.RoomService - ✅ Успешно загружено 40 номеров
2025-12-04 09:36:50.868 [AWT-EventQueue-0] INFO  com.hotel.client.service.RoomService - 🔄 Получаем список всех номеров
2025-12-04 09:36:50.969 [AWT-EventQueue-0] INFO  com.hotel.client.service.RoomService - ✅ Успешно загружено 40 номеров
2025-12-04 09:36:50.969 [AWT-EventQueue-0] INFO  com.hotel.client.service.ClientService - 🔄 Получаем список всех клиентов
2025-12-04 09:36:51.056 [AWT-EventQueue-0] INFO  com.hotel.client.service.ClientService - ✅ Успешно загружено 4 клиентов
2025-12-04 09:36:51.058 [AWT-EventQueue-0] INFO  com.hotel.client.view.dashboard_components.DashboardWidgetsManager - ✅ Все виджеты обновлены
2025-12-04 09:36:51.058 [AWT-EventQueue-0] INFO  com.hotel.client.view.HotelAdminDashboard - Панель администратора инициализирована
